============================= test session starts ==============================
platform linux -- Python 3.12.12, pytest-9.0.2, pluggy-1.6.0
rootdir: /app
collected 2 items

tests/test_new_features.py ..                                            [100%]

============================== 2 passed in 2.12s ===============================
