Navigating to Register...
On Dashboard.
Traceback (most recent call last):
  File "/app/verify_final.py", line 77, in <module>
    verify_final()
  File "/app/verify_final.py", line 44, in verify_final
    expect(page.locator("h2")).to_contain_text("My Prayer Diary")
  File "/home/jules/.pyenv/versions/3.12.12/lib/python3.12/site-packages/playwright/sync_api/_generated.py", line 19319, in to_contain_text
    self._sync(
  File "/home/jules/.pyenv/versions/3.12.12/lib/python3.12/site-packages/playwright/_impl/_sync_base.py", line 115, in _sync
    return task.result()
           ^^^^^^^^^^^^^
  File "/home/jules/.pyenv/versions/3.12.12/lib/python3.12/site-packages/playwright/_impl/_assertions.py", line 229, in to_contain_text
    await self._expect_impl(
  File "/home/jules/.pyenv/versions/3.12.12/lib/python3.12/site-packages/playwright/_impl/_assertions.py", line 85, in _expect_impl
    raise AssertionError(
AssertionError: Locator expected to contain text 'My Prayer Diary'
Actual value: None
Error: element(s) not found
Call log:
  - Expect "to_contain_text" with timeout 5000ms
  - waiting for locator("h2")
